// Jest Snapshot v1, https://goo.gl/fbAQLP

exports[`Example/LMSPopover Default smoke-test 1`] = `
<button>
  Toggle Popover
</button>
`;
